
> frontend@0.0.0 build
> tsc -b && vite build

src/pages/ChatPage.tsx(33,10): error TS6133: 'isTyping' is declared but its value is never read.
src/pages/ChatPage.tsx(33,20): error TS6133: 'setIsTyping' is declared but its value is never read.
src/pages/ChatPage.tsx(186,13): error TS2352: Conversion of type '{ mine: true; reactions: never[]; id: string; from: string; text: string; ts: number; }' to type 'Message' may be a mistake because neither type sufficiently overlaps with the other. If this was intentional, convert the expression to 'unknown' first.
  Property 'type' is missing in type '{ mine: true; reactions: never[]; id: string; from: string; text: string; ts: number; }' but required in type 'Message'.
