src/App.tsx(1,10): error TS2724: '"react-router-dom"' has no exported member named 'Routes'. Did you mean 'Route'?
src/App.tsx(1,25): error TS2305: Module '"react-router-dom"' has no exported member 'Navigate'.
src/App.tsx(14,5): error TS2322: Type '{ children: ReactNode; initial: { opacity: number; scale: number; filter: string; }; animate: { opacity: number; scale: number; filter: string; }; exit: { opacity: number; scale: number; filter: string; }; transition: { ...; }; className: string; }' is not assignable to type 'IntrinsicAttributes & Omit<HTMLMotionProps<"div">, "ref"> & RefAttributes<HTMLDivElement>'.
  Property 'initial' does not exist on type 'IntrinsicAttributes & Omit<HTMLMotionProps<"div">, "ref"> & RefAttributes<HTMLDivElement>'.
src/App.tsx(29,25): error TS2769: No overload matches this call.
  Overload 1 of 2, '(props: RouteProps<"/", {}> & OmitNative<{}, keyof RouteProps<string, { [x: string]: string | undefined; }>>): Route<{}, "/">', gave the following error.
    Type '{ path: "/"; element: Element; }' is not assignable to type 'IntrinsicAttributes & IntrinsicClassAttributes<Route<{}, "/">> & Readonly<RouteProps<"/", {}> & OmitNative<{}, keyof RouteProps<...>>>'.
      Property 'element' does not exist on type 'IntrinsicAttributes & IntrinsicClassAttributes<Route<{}, "/">> & Readonly<RouteProps<"/", {}> & OmitNative<{}, keyof RouteProps<...>>>'.
  Overload 2 of 2, '(props: RouteProps<"/", {}> & OmitNative<{}, keyof RouteProps<string, { [x: string]: string | undefined; }>>, context: any): Route<{}, "/">', gave the following error.
    Type '{ path: "/"; element: Element; }' is not assignable to type 'IntrinsicAttributes & IntrinsicClassAttributes<Route<{}, "/">> & Readonly<RouteProps<"/", {}> & OmitNative<{}, keyof RouteProps<...>>>'.
      Property 'element' does not exist on type 'IntrinsicAttributes & IntrinsicClassAttributes<Route<{}, "/">> & Readonly<RouteProps<"/", {}> & OmitNative<{}, keyof RouteProps<...>>>'.
src/App.tsx(30,32): error TS2769: No overload matches this call.
  Overload 1 of 2, '(props: RouteProps<"/welcome", {}> & OmitNative<{}, keyof RouteProps<string, { [x: string]: string | undefined; }>>): Route<{}, "/welcome">', gave the following error.
    Type '{ path: "/welcome"; element: Element; }' is not assignable to type 'IntrinsicAttributes & IntrinsicClassAttributes<Route<{}, "/welcome">> & Readonly<RouteProps<"/welcome", {}> & OmitNative<...>>'.
      Property 'element' does not exist on type 'IntrinsicAttributes & IntrinsicClassAttributes<Route<{}, "/welcome">> & Readonly<RouteProps<"/welcome", {}> & OmitNative<...>>'.
  Overload 2 of 2, '(props: RouteProps<"/welcome", {}> & OmitNative<{}, keyof RouteProps<string, { [x: string]: string | undefined; }>>, context: any): Route<...>', gave the following error.
    Type '{ path: "/welcome"; element: Element; }' is not assignable to type 'IntrinsicAttributes & IntrinsicClassAttributes<Route<{}, "/welcome">> & Readonly<RouteProps<"/welcome", {}> & OmitNative<...>>'.
      Property 'element' does not exist on type 'IntrinsicAttributes & IntrinsicClassAttributes<Route<{}, "/welcome">> & Readonly<RouteProps<"/welcome", {}> & OmitNative<...>>'.
src/App.tsx(31,30): error TS2769: No overload matches this call.
  Overload 1 of 2, '(props: RouteProps<"/login", {}> & OmitNative<{}, keyof RouteProps<string, { [x: string]: string | undefined; }>>): Route<{}, "/login">', gave the following error.
    Type '{ path: "/login"; element: Element; }' is not assignable to type 'IntrinsicAttributes & IntrinsicClassAttributes<Route<{}, "/login">> & Readonly<RouteProps<"/login", {}> & OmitNative<...>>'.
      Property 'element' does not exist on type 'IntrinsicAttributes & IntrinsicClassAttributes<Route<{}, "/login">> & Readonly<RouteProps<"/login", {}> & OmitNative<...>>'.
  Overload 2 of 2, '(props: RouteProps<"/login", {}> & OmitNative<{}, keyof RouteProps<string, { [x: string]: string | undefined; }>>, context: any): Route<...>', gave the following error.
    Type '{ path: "/login"; element: Element; }' is not assignable to type 'IntrinsicAttributes & IntrinsicClassAttributes<Route<{}, "/login">> & Readonly<RouteProps<"/login", {}> & OmitNative<...>>'.
      Property 'element' does not exist on type 'IntrinsicAttributes & IntrinsicClassAttributes<Route<{}, "/login">> & Readonly<RouteProps<"/login", {}> & OmitNative<...>>'.
src/App.tsx(32,31): error TS2769: No overload matches this call.
  Overload 1 of 2, '(props: RouteProps<"/signup", {}> & OmitNative<{}, keyof RouteProps<string, { [x: string]: string | undefined; }>>): Route<{}, "/signup">', gave the following error.
    Type '{ path: "/signup"; element: Element; }' is not assignable to type 'IntrinsicAttributes & IntrinsicClassAttributes<Route<{}, "/signup">> & Readonly<RouteProps<"/signup", {}> & OmitNative<...>>'.
      Property 'element' does not exist on type 'IntrinsicAttributes & IntrinsicClassAttributes<Route<{}, "/signup">> & Readonly<RouteProps<"/signup", {}> & OmitNative<...>>'.
  Overload 2 of 2, '(props: RouteProps<"/signup", {}> & OmitNative<{}, keyof RouteProps<string, { [x: string]: string | undefined; }>>, context: any): Route<...>', gave the following error.
    Type '{ path: "/signup"; element: Element; }' is not assignable to type 'IntrinsicAttributes & IntrinsicClassAttributes<Route<{}, "/signup">> & Readonly<RouteProps<"/signup", {}> & OmitNative<...>>'.
      Property 'element' does not exist on type 'IntrinsicAttributes & IntrinsicClassAttributes<Route<{}, "/signup">> & Readonly<RouteProps<"/signup", {}> & OmitNative<...>>'.
src/App.tsx(33,29): error TS2769: No overload matches this call.
  Overload 1 of 2, '(props: RouteProps<"/chat", {}> & OmitNative<{}, keyof RouteProps<string, { [x: string]: string | undefined; }>>): Route<{}, "/chat">', gave the following error.
    Type '{ path: "/chat"; element: Element; }' is not assignable to type 'IntrinsicAttributes & IntrinsicClassAttributes<Route<{}, "/chat">> & Readonly<RouteProps<"/chat", {}> & OmitNative<...>>'.
      Property 'element' does not exist on type 'IntrinsicAttributes & IntrinsicClassAttributes<Route<{}, "/chat">> & Readonly<RouteProps<"/chat", {}> & OmitNative<...>>'.
  Overload 2 of 2, '(props: RouteProps<"/chat", {}> & OmitNative<{}, keyof RouteProps<string, { [x: string]: string | undefined; }>>, context: any): Route<...>', gave the following error.
    Type '{ path: "/chat"; element: Element; }' is not assignable to type 'IntrinsicAttributes & IntrinsicClassAttributes<Route<{}, "/chat">> & Readonly<RouteProps<"/chat", {}> & OmitNative<...>>'.
      Property 'element' does not exist on type 'IntrinsicAttributes & IntrinsicClassAttributes<Route<{}, "/chat">> & Readonly<RouteProps<"/chat", {}> & OmitNative<...>>'.
src/App.tsx(34,29): error TS2769: No overload matches this call.
  Overload 1 of 2, '(props: RouteProps<"/call", {}> & OmitNative<{}, keyof RouteProps<string, { [x: string]: string | undefined; }>>): Route<{}, "/call">', gave the following error.
    Type '{ path: "/call"; element: Element; }' is not assignable to type 'IntrinsicAttributes & IntrinsicClassAttributes<Route<{}, "/call">> & Readonly<RouteProps<"/call", {}> & OmitNative<...>>'.
      Property 'element' does not exist on type 'IntrinsicAttributes & IntrinsicClassAttributes<Route<{}, "/call">> & Readonly<RouteProps<"/call", {}> & OmitNative<...>>'.
  Overload 2 of 2, '(props: RouteProps<"/call", {}> & OmitNative<{}, keyof RouteProps<string, { [x: string]: string | undefined; }>>, context: any): Route<...>', gave the following error.
    Type '{ path: "/call"; element: Element; }' is not assignable to type 'IntrinsicAttributes & IntrinsicClassAttributes<Route<{}, "/call">> & Readonly<RouteProps<"/call", {}> & OmitNative<...>>'.
      Property 'element' does not exist on type 'IntrinsicAttributes & IntrinsicClassAttributes<Route<{}, "/call">> & Readonly<RouteProps<"/call", {}> & OmitNative<...>>'.
src/App.tsx(35,25): error TS2769: No overload matches this call.
  Overload 1 of 2, '(props: RouteProps<"*", {}> & OmitNative<{}, keyof RouteProps<string, { [x: string]: string | undefined; }>>): Route<{}, "*">', gave the following error.
    Type '{ path: "*"; element: Element; }' is not assignable to type 'IntrinsicAttributes & IntrinsicClassAttributes<Route<{}, "*">> & Readonly<RouteProps<"*", {}> & OmitNative<{}, keyof RouteProps<...>>>'.
      Property 'element' does not exist on type 'IntrinsicAttributes & IntrinsicClassAttributes<Route<{}, "*">> & Readonly<RouteProps<"*", {}> & OmitNative<{}, keyof RouteProps<...>>>'.
  Overload 2 of 2, '(props: RouteProps<"*", {}> & OmitNative<{}, keyof RouteProps<string, { [x: string]: string | undefined; }>>, context: any): Route<{}, "*">', gave the following error.
    Type '{ path: "*"; element: Element; }' is not assignable to type 'IntrinsicAttributes & IntrinsicClassAttributes<Route<{}, "*">> & Readonly<RouteProps<"*", {}> & OmitNative<{}, keyof RouteProps<...>>>'.
      Property 'element' does not exist on type 'IntrinsicAttributes & IntrinsicClassAttributes<Route<{}, "*">> & Readonly<RouteProps<"*", {}> & OmitNative<{}, keyof RouteProps<...>>>'.
src/components/AnimatedBackground.tsx(12,17): error TS2322: Type '{ animate: { scale: number[]; x: number[]; y: number[]; }; transition: { duration: number; repeat: number; ease: string; }; className: string; }' is not assignable to type 'IntrinsicAttributes & Omit<HTMLMotionProps<"div">, "ref"> & RefAttributes<HTMLDivElement>'.
  Property 'animate' does not exist on type 'IntrinsicAttributes & Omit<HTMLMotionProps<"div">, "ref"> & RefAttributes<HTMLDivElement>'.
src/components/AnimatedBackground.tsx(23,17): error TS2322: Type '{ animate: { scale: number[]; x: number[]; y: number[]; rotate: number[]; }; transition: { duration: number; repeat: number; ease: string; delay: number; }; className: string; }' is not assignable to type 'IntrinsicAttributes & Omit<HTMLMotionProps<"div">, "ref"> & RefAttributes<HTMLDivElement>'.
  Property 'animate' does not exist on type 'IntrinsicAttributes & Omit<HTMLMotionProps<"div">, "ref"> & RefAttributes<HTMLDivElement>'.
src/components/AnimatedBackground.tsx(35,17): error TS2322: Type '{ animate: { scale: number[]; x: number[]; y: number[]; }; transition: { duration: number; repeat: number; ease: string; delay: number; }; className: string; }' is not assignable to type 'IntrinsicAttributes & Omit<HTMLMotionProps<"div">, "ref"> & RefAttributes<HTMLDivElement>'.
  Property 'animate' does not exist on type 'IntrinsicAttributes & Omit<HTMLMotionProps<"div">, "ref"> & RefAttributes<HTMLDivElement>'.
src/components/AnimatedBackground.tsx(46,17): error TS2322: Type '{ animate: { opacity: number[]; }; transition: { duration: number; repeat: number; ease: string; }; className: string; }' is not assignable to type 'IntrinsicAttributes & Omit<HTMLMotionProps<"div">, "ref"> & RefAttributes<HTMLDivElement>'.
  Property 'animate' does not exist on type 'IntrinsicAttributes & Omit<HTMLMotionProps<"div">, "ref"> & RefAttributes<HTMLDivElement>'.
src/components/GlassCard.tsx(13,13): error TS2322: Type '{ children: Element[]; initial: { opacity: number; y: number; backdropFilter: string; }; animate: { opacity: number; y: number; backdropFilter: string; }; transition: { duration: number; delay: number; ease: number[]; }; className: string; style: { ...; }; }' is not assignable to type 'IntrinsicAttributes & Omit<HTMLMotionProps<"div">, "ref"> & RefAttributes<HTMLDivElement>'.
  Property 'initial' does not exist on type 'IntrinsicAttributes & Omit<HTMLMotionProps<"div">, "ref"> & RefAttributes<HTMLDivElement>'.
src/components/ProfileModal.tsx(5,40): error TS2307: Cannot find module 'lucide-react' or its corresponding type declarations.
src/components/ProfileModal.tsx(24,17): error TS2322: Type '{ children: Element; initial: { opacity: number; }; animate: { opacity: number; }; exit: { opacity: number; }; className: string; onClick: () => void; }' is not assignable to type 'IntrinsicAttributes & Omit<HTMLMotionProps<"div">, "ref"> & RefAttributes<HTMLDivElement>'.
  Property 'initial' does not exist on type 'IntrinsicAttributes & Omit<HTMLMotionProps<"div">, "ref"> & RefAttributes<HTMLDivElement>'.
src/components/ProfileModal.tsx(31,21): error TS2322: Type '{ children: Element[]; initial: { scale: number; opacity: number; }; animate: { scale: number; opacity: number; }; exit: { scale: number; opacity: number; }; className: string; onClick: (e: MouseEvent<HTMLDivElement, MouseEvent>) => void; }' is not assignable to type 'IntrinsicAttributes & Omit<HTMLMotionProps<"div">, "ref"> & RefAttributes<HTMLDivElement>'.
  Property 'initial' does not exist on type 'IntrinsicAttributes & Omit<HTMLMotionProps<"div">, "ref"> & RefAttributes<HTMLDivElement>'.
src/components/ui/accordion.tsx(3,33): error TS2307: Cannot find module 'lucide-react' or its corresponding type declarations.
src/components/ui/breadcrumb.tsx(3,46): error TS2307: Cannot find module 'lucide-react' or its corresponding type declarations.
src/components/ui/calendar.tsx(8,8): error TS2307: Cannot find module 'lucide-react' or its corresponding type declarations.
src/components/ui/calendar.tsx(9,60): error TS2307: Cannot find module 'react-day-picker' or its corresponding type declarations.
src/components/ui/calendar.tsx(39,31): error TS7006: Parameter 'date' implicitly has an 'any' type.
src/components/ui/calendar.tsx(131,18): error TS7031: Binding element 'className' implicitly has an 'any' type.
src/components/ui/calendar.tsx(131,29): error TS7031: Binding element 'rootRef' implicitly has an 'any' type.
src/components/ui/calendar.tsx(141,21): error TS7031: Binding element 'className' implicitly has an 'any' type.
src/components/ui/calendar.tsx(141,32): error TS7031: Binding element 'orientation' implicitly has an 'any' type.
src/components/ui/calendar.tsx(162,24): error TS7031: Binding element 'children' implicitly has an 'any' type.
src/components/ui/carousel.tsx(5,39): error TS2307: Cannot find module 'lucide-react' or its corresponding type declarations.
src/components/ui/checkbox.tsx(3,27): error TS2307: Cannot find module 'lucide-react' or its corresponding type declarations.
src/components/ui/command.tsx(3,28): error TS2307: Cannot find module 'lucide-react' or its corresponding type declarations.
src/components/ui/context-menu.tsx(3,57): error TS2307: Cannot find module 'lucide-react' or its corresponding type declarations.
src/components/ui/dialog.tsx(5,23): error TS2307: Cannot find module 'lucide-react' or its corresponding type declarations.
src/components/ui/drawer.tsx(2,43): error TS2307: Cannot find module 'vaul' or its corresponding type declarations.
src/components/ui/dropdown-menu.tsx(5,57): error TS2307: Cannot find module 'lucide-react' or its corresponding type declarations.
src/components/ui/form.tsx(14,8): error TS2307: Cannot find module 'react-hook-form' or its corresponding type declarations.
src/components/ui/input-otp.tsx(5,27): error TS2307: Cannot find module 'lucide-react' or its corresponding type declarations.
src/components/ui/menubar.tsx(5,57): error TS2307: Cannot find module 'lucide-react' or its corresponding type declarations.
src/components/ui/navigation-menu.tsx(4,33): error TS2307: Cannot find module 'lucide-react' or its corresponding type declarations.
src/components/ui/pagination.tsx(6,8): error TS2307: Cannot find module 'lucide-react' or its corresponding type declarations.
src/components/ui/radio-group.tsx(3,28): error TS2307: Cannot find module 'lucide-react' or its corresponding type declarations.
src/components/ui/select.tsx(5,59): error TS2307: Cannot find module 'lucide-react' or its corresponding type declarations.
src/components/ui/sheet.tsx(5,23): error TS2307: Cannot find module 'lucide-react' or its corresponding type declarations.
src/components/ui/sidebar.tsx(4,31): error TS2307: Cannot find module 'lucide-react' or its corresponding type declarations.
src/components/ui/sonner.tsx(7,8): error TS2307: Cannot find module 'lucide-react' or its corresponding type declarations.
src/components/ui/sonner.tsx(8,26): error TS2307: Cannot find module 'next-themes' or its corresponding type declarations.
src/components/ui/sonner.tsx(9,54): error TS2307: Cannot find module 'sonner' or its corresponding type declarations.
src/hooks/use-auth.ts(3,10): error TS2305: Module '"react-router-dom"' has no exported member 'useNavigate'.
src/lib/utils.ts(2,25): error TS2307: Cannot find module 'tailwind-merge' or its corresponding type declarations.
src/pages/CallPage.tsx(3,53): error TS2307: Cannot find module 'lucide-react' or its corresponding type declarations.
src/pages/CallPage.tsx(5,10): error TS2305: Module '"react-router-dom"' has no exported member 'useNavigate'.
src/pages/CallPage.tsx(67,29): error TS2322: Type '{ children: Element; whileHover: { scale: number; }; whileTap: { scale: number; }; onClick: () => void; className: string; }' is not assignable to type 'IntrinsicAttributes & Omit<HTMLMotionProps<"button">, "ref"> & RefAttributes<HTMLButtonElement>'.
  Property 'whileHover' does not exist on type 'IntrinsicAttributes & Omit<HTMLMotionProps<"button">, "ref"> & RefAttributes<HTMLButtonElement>'.
src/pages/CallPage.tsx(75,29): error TS2322: Type '{ children: Element; whileHover: { scale: number; }; whileTap: { scale: number; }; onClick: () => void; className: string; }' is not assignable to type 'IntrinsicAttributes & Omit<HTMLMotionProps<"button">, "ref"> & RefAttributes<HTMLButtonElement>'.
  Property 'whileHover' does not exist on type 'IntrinsicAttributes & Omit<HTMLMotionProps<"button">, "ref"> & RefAttributes<HTMLButtonElement>'.
src/pages/CallPage.tsx(86,29): error TS2322: Type '{ children: Element; whileHover: { scale: number; }; whileTap: { scale: number; }; onClick: () => void; className: string; }' is not assignable to type 'IntrinsicAttributes & Omit<HTMLMotionProps<"button">, "ref"> & RefAttributes<HTMLButtonElement>'.
  Property 'whileHover' does not exist on type 'IntrinsicAttributes & Omit<HTMLMotionProps<"button">, "ref"> & RefAttributes<HTMLButtonElement>'.
src/pages/CallPage.tsx(95,29): error TS2322: Type '{ children: Element; whileHover: { scale: number; }; whileTap: { scale: number; }; onClick: () => void; className: string; }' is not assignable to type 'IntrinsicAttributes & Omit<HTMLMotionProps<"button">, "ref"> & RefAttributes<HTMLButtonElement>'.
  Property 'whileHover' does not exist on type 'IntrinsicAttributes & Omit<HTMLMotionProps<"button">, "ref"> & RefAttributes<HTMLButtonElement>'.
src/pages/CallPage.tsx(104,29): error TS2322: Type '{ children: Element; whileHover: { scale: number; }; whileTap: { scale: number; }; className: string; }' is not assignable to type 'IntrinsicAttributes & Omit<HTMLMotionProps<"button">, "ref"> & RefAttributes<HTMLButtonElement>'.
  Property 'whileHover' does not exist on type 'IntrinsicAttributes & Omit<HTMLMotionProps<"button">, "ref"> & RefAttributes<HTMLButtonElement>'.
src/pages/ChatPage.tsx(3,89): error TS2307: Cannot find module 'react-icons/fi' or its corresponding type declarations.
src/pages/ChatPage.tsx(6,10): error TS2305: Module '"react-router-dom"' has no exported member 'useNavigate'.
src/pages/ChatPage.tsx(208,33): error TS2322: Type '{ children: Element; whileHover: { scale: number; }; whileTap: { scale: number; }; }' is not assignable to type 'IntrinsicAttributes & Omit<HTMLMotionProps<"div">, "ref"> & RefAttributes<HTMLDivElement>'.
  Property 'whileHover' does not exist on type 'IntrinsicAttributes & Omit<HTMLMotionProps<"div">, "ref"> & RefAttributes<HTMLDivElement>'.
src/pages/ChatPage.tsx(224,21): error TS2322: Type '{ children: Element; initial: { opacity: number; y: number; }; animate: { opacity: number; y: number; }; key: string; className: string; onDoubleClick: () => void; }' is not assignable to type 'IntrinsicAttributes & Omit<HTMLMotionProps<"div">, "ref"> & RefAttributes<HTMLDivElement>'.
  Property 'initial' does not exist on type 'IntrinsicAttributes & Omit<HTMLMotionProps<"div">, "ref"> & RefAttributes<HTMLDivElement>'.
src/pages/ChatPage.tsx(242,29): error TS2322: Type '{ children: string; initial: { scale: number; }; animate: { scale: number; }; exit: { scale: number; }; className: string; }' is not assignable to type 'IntrinsicAttributes & Omit<HTMLMotionProps<"div">, "ref"> & RefAttributes<HTMLDivElement>'.
  Property 'initial' does not exist on type 'IntrinsicAttributes & Omit<HTMLMotionProps<"div">, "ref"> & RefAttributes<HTMLDivElement>'.
src/pages/ChatPage.tsx(263,23): error TS2322: Type '{ children: Element; initial: { opacity: number; y: number; }; animate: { opacity: number; y: number; }; exit: { opacity: number; }; className: string; }' is not assignable to type 'IntrinsicAttributes & Omit<HTMLMotionProps<"div">, "ref"> & RefAttributes<HTMLDivElement>'.
  Property 'initial' does not exist on type 'IntrinsicAttributes & Omit<HTMLMotionProps<"div">, "ref"> & RefAttributes<HTMLDivElement>'.
src/pages/ChatPage.tsx(286,23): error TS2322: Type '{ children: Element; initial: { opacity: number; scale: number; y: number; }; animate: { opacity: number; scale: number; y: number; }; exit: { opacity: number; scale: number; y: number; }; className: string; }' is not assignable to type 'IntrinsicAttributes & Omit<HTMLMotionProps<"div">, "ref"> & RefAttributes<HTMLDivElement>'.
  Property 'initial' does not exist on type 'IntrinsicAttributes & Omit<HTMLMotionProps<"div">, "ref"> & RefAttributes<HTMLDivElement>'.
src/pages/Login.tsx(6,56): error TS2307: Cannot find module 'lucide-react' or its corresponding type declarations.
src/pages/Signup.tsx(6,72): error TS2307: Cannot find module 'lucide-react' or its corresponding type declarations.
src/pages/Welcome.tsx(2,10): error TS2305: Module '"react-router-dom"' has no exported member 'useNavigate'.
src/pages/Welcome.tsx(4,49): error TS2307: Cannot find module 'lucide-react' or its corresponding type declarations.
